Microchip MPLAB XC8 Compiler V2.36

Linker command line:

-W-3 --edf=C:\Program Files\Microchip\xc8\v2.36\pic\dat\en_msgs.txt -cn \
  -h+dist/default/production\LED_5050_RGB.X.production.sym \
  --cmf=dist/default/production\LED_5050_RGB.X.production.cmf -z -Q16F1937 \
  -oC:\Users\acuic\AppData\Local\Temp\xcAsdjk.4 --defsym=__MPLAB_BUILD=1 \
  -Mdist/default/production/LED_5050_RGB.X.production.map \
  --md=C:\Users\acuic\AppData\Local\Temp\xcAsdjk.dat -E1 -ver=XC8 Compiler \
  --acfsm=1493 -ACODE=00h-07FFhx4 -ASTRCODE=00h-01FFFh -ASTRING=00h-0FFhx32 \
  -ACONST=00h-0FFhx32 -AENTRY=00h-0FFhx32 -ACOMMON=070h-07Fh \
  -ABANK0=020h-06Fh -ABANK1=0A0h-0EFh -ABANK2=0120h-016Fh \
  -ABANK3=01A0h-01EFh -ABANK4=0220h-026Fh -ABANK5=02A0h-02EFh \
  -ABANK6=0320h-032Fh -ABIGRAM=02000h-021EFh \
  -ARAM=020h-06Fh,0A0h-0EFh,0120h-016Fh,01A0h-01EFh,0220h-026Fh,02A0h-02EFh,0320h-032Fh \
  -AABS1=020h-07Fh,0A0h-0EFh,0120h-016Fh,01A0h-01EFh,0220h-026Fh,02A0h-02EFh,0320h-032Fh \
  -ASFR0=00h-01Fh -ASFR1=080h-09Fh -ASFR2=0100h-011Fh -ASFR3=0180h-019Fh \
  -ASFR4=0200h-021Fh -ASFR5=0280h-029Fh -ASFR6=0300h-031Fh \
  -ASFR7=0380h-03EFh -ASFR8=0400h-046Fh -ASFR9=0480h-04EFh \
  -ASFR10=0500h-056Fh -ASFR11=0580h-05EFh -ASFR12=0600h-066Fh \
  -ASFR13=0680h-06EFh -ASFR14=0700h-076Fh -ASFR15=0780h-07EFh \
  -ASFR16=0800h-086Fh -ASFR17=0880h-08EFh -ASFR18=0900h-096Fh \
  -ASFR19=0980h-09EFh -ASFR20=0A00h-0A6Fh -ASFR21=0A80h-0AEFh \
  -ASFR22=0B00h-0B6Fh -ASFR23=0B80h-0BEFh -ASFR24=0C00h-0C6Fh \
  -ASFR25=0C80h-0CEFh -ASFR26=0D00h-0D6Fh -ASFR27=0D80h-0DEFh \
  -ASFR28=0E00h-0E6Fh -ASFR29=0E80h-0EEFh -ASFR30=0F00h-0F6Fh \
  -ASFR31=0F80h-0FEFh -ACONFIG=08007h-08008h -DCONFIG=2 \
  -AIDLOC=08000h-08003h -DIDLOC=2 -AEEDATA=00h-0FFh/0F000h \
  -peeprom_data=EEDATA -DEEDATA=2 -DCODE=2 -DSTRCODE=2 -DSTRING=2 -DCONST=2 \
  -DENTRY=2 -preset_vec=00h,intentry=04h,init,end_init -ppowerup=CODE \
  -pcinit=CODE -pfunctab=ENTRY -k \
  C:\Users\acuic\AppData\Local\Temp\xcAsdjk.o \
  dist/default/production\LED_5050_RGB.X.production.o 

Object code version is 3.11

Machine type is 16F1937



                Name                               Link     Load   Length Selector   Space Scale
C:\Users\acuic\AppData\Local\Temp\xcAsdjk.o
                end_init                             43       43        2        8       0
                reset_vec                             0        0        2        0       0
                config                             8007     8007        2        0       4
                idloc                              8000     8000        4        0       5
dist/default/production\LED_5050_RGB.X.production.o
                cinit                                45       45       1F        8       0
                intentry                              4        4       3F        8       0
                config                             8007     8007        2        0       4
                idloc                              8000     8000        4        0       5
                text19                              224      224        1      304       0
                text18                              1D4      1D4        D      304       0
                text17                              214      214        5      304       0
                text16                              223      223        1      304       0
                text15                              1C3      1C3       11      304       0
                text14                              19A      19A       16      304       0
                text13                              220      220        3      304       0
                text11                              20E      20E        6      304       0
                text10                              1ED      1ED        C      304       0
                text9                               1F9      1F9        9      304       0
                text8                               1E1      1E1        C      304       0
                text7                               140      140       22        8       0
                text6                               208      208        6      304       0
                text5                               182      182       18      304       0
                text4                               219      219        4      304       0
                text3                               1B0      1B0       13      304       0
                text2                               21D      21D        3      304       0
                text1                                64       64       86        8       0
                maintext                             EA       EA       56        8       0
                cstackCOMMON                         70       70        9       70       1
                cstackBANK1                          D8       D8        5       A0       1
                clrtext                             202      202        6      304       0
                bssBANK2                            120      120       40      120       1
                bssBANK1                             A0       A0       38       A0       1
                bssBANK0                             20       20       4C       20       1
                bssCOMMON                            79       79        3       70       1
                stringtext1                         162      162       20      2C4       0

TOTAL           Name                               Link     Load   Length     Space
        CLASS   CODE           
                end_init                             43       43        2         0
                cinit                                45       45       1F         0
                intentry                              4        4       3F         0
                reset_vec                             0        0        2         0
                text19                              224      224        1         0
                text18                              1D4      1D4        D         0
                text17                              214      214        5         0
                text16                              223      223        1         0
                text15                              1C3      1C3       11         0
                text14                              19A      19A       16         0
                text13                              220      220        3         0
                text11                              20E      20E        6         0
                text10                              1ED      1ED        C         0
                text9                               1F9      1F9        9         0
                text8                               1E1      1E1        C         0
                text7                               140      140       22         0
                text6                               208      208        6         0
                text5                               182      182       18         0
                text4                               219      219        4         0
                text3                               1B0      1B0       13         0
                text2                               21D      21D        3         0
                text1                                64       64       86         0
                maintext                             EA       EA       56         0
                clrtext                             202      202        6         0

        CLASS   STRCODE        
                stringtext1                         162      162       20         0

        CLASS   STRING         

        CLASS   CONST          

        CLASS   ENTRY          

        CLASS   COMMON         
                cstackCOMMON                         70       70        9         1
                bssCOMMON                            79       79        3         1

        CLASS   BANK0          
                bssBANK0                             20       20       4C         1

        CLASS   BANK1          
                cstackBANK1                          D8       D8        5         1
                bssBANK1                             A0       A0       38         1

        CLASS   BANK2          
                bssBANK2                            120      120       40         1

        CLASS   BANK3          

        CLASS   BANK4          

        CLASS   BANK5          

        CLASS   BANK6          

        CLASS   BIGRAM         

        CLASS   RAM            

        CLASS   ABS1           
                abs_s1                               7E       7E        2         1

        CLASS   SFR0           

        CLASS   SFR1           

        CLASS   SFR2           

        CLASS   SFR3           

        CLASS   SFR4           

        CLASS   SFR5           

        CLASS   SFR6           

        CLASS   SFR7           

        CLASS   SFR8           

        CLASS   SFR9           

        CLASS   SFR10          

        CLASS   SFR11          

        CLASS   SFR12          

        CLASS   SFR13          

        CLASS   SFR14          

        CLASS   SFR15          

        CLASS   SFR16          

        CLASS   SFR17          

        CLASS   SFR18          

        CLASS   SFR19          

        CLASS   SFR20          

        CLASS   SFR21          

        CLASS   SFR22          

        CLASS   SFR23          

        CLASS   SFR24          

        CLASS   SFR25          

        CLASS   SFR26          

        CLASS   SFR27          

        CLASS   SFR28          

        CLASS   SFR29          

        CLASS   SFR30          

        CLASS   SFR31          

        CLASS   CONFIG         
                config                             8007     8007        2         4

        CLASS   IDLOC          
                idloc                              8000     8000        4         5

        CLASS   EEDATA         

        CLASS   BANK31         

        CLASS   BANK30         

        CLASS   BANK29         

        CLASS   BANK28         

        CLASS   BANK27         

        CLASS   BANK26         

        CLASS   BANK25         

        CLASS   BANK24         

        CLASS   BANK23         

        CLASS   BANK22         

        CLASS   BANK21         

        CLASS   BANK20         

        CLASS   BANK19         

        CLASS   BANK18         

        CLASS   BANK17         

        CLASS   BANK16         

        CLASS   BANK15         

        CLASS   BANK14         

        CLASS   BANK13         

        CLASS   BANK12         

        CLASS   BANK11         

        CLASS   BANK10         

        CLASS   BANK9          

        CLASS   BANK8          

        CLASS   BANK7          

        CLASS   HEAP           

        CLASS   STACK          



SEGMENTS        Name                           Load    Length   Top    Selector   Space  Class     Delta

                reset_vec                      000000  000002  000002         0       0  CODE        2
                intentry                       000004  00015E  000162         8       0  CODE        2
                bssBANK0                       000020  00004C  00006C        20       1  BANK0       1
                cstackCOMMON                   000070  00000C  00007C        70       1  COMMON      1
                bssBANK1                       0000A0  00003D  0000DD        A0       1  BANK1       1
                bssBANK2                       000120  000040  000160       120       1  BANK2       1
                stringtext1                    000162  000020  000182       2C4       0  STRCODE     2
                text5                          000182  0000A3  000225       304       0  CODE        2


UNUSED ADDRESS RANGES

        Name                Unused          Largest block    Delta
        BANK0            0006C-0006F               4           1
        BANK1            000DD-000EF              13           1
        BANK2            00160-0016F              10           1
        BANK3            001A0-001EF              50           1
        BANK4            00220-0026F              50           1
        BANK5            002A0-002EF              50           1
        BANK6            00320-0032F              10           1
        BIGRAM           02000-021EF             1F0           1
        CODE             00002-00003               2           2
                         00225-01FFF             800
        COMMON           0007C-0007D               2           1
        CONST            00002-00003               2           2
                         00225-01FFF             100
        EEDATA           0F000-0F0FF             100           2
        ENTRY            00002-00003               2           2
                         00225-01FFF             100
        RAM              0006C-0006F               4           1
                         000DD-000EF              13
                         00160-0016F              10
                         001A0-001EF              50
                         00220-0026F              50
                         002A0-002EF              50
                         00320-0032F              10
        SFR0             00000-0001F              20           1
        SFR1             00080-0009F              20           1
        SFR10            00500-0056F              70           1
        SFR11            00580-005EF              70           1
        SFR12            00600-0066F              70           1
        SFR13            00680-006EF              70           1
        SFR14            00700-0076F              70           1
        SFR15            00780-007EF              70           1
        SFR16            00800-0086F              70           1
        SFR17            00880-008EF              70           1
        SFR18            00900-0096F              70           1
        SFR19            00980-009EF              70           1
        SFR2             00100-0011F              20           1
        SFR20            00A00-00A6F              70           1
        SFR21            00A80-00AEF              70           1
        SFR22            00B00-00B6F              70           1
        SFR23            00B80-00BEF              70           1
        SFR24            00C00-00C6F              70           1
        SFR25            00C80-00CEF              70           1
        SFR26            00D00-00D6F              70           1
        SFR27            00D80-00DEF              70           1
        SFR28            00E00-00E6F              70           1
        SFR29            00E80-00EEF              70           1
        SFR3             00180-0019F              20           1
        SFR30            00F00-00F6F              70           1
        SFR31            00F80-00FEF              70           1
        SFR4             00200-0021F              20           1
        SFR5             00280-0029F              20           1
        SFR6             00300-0031F              20           1
        SFR7             00380-003EF              70           1
        SFR8             00400-0046F              70           1
        SFR9             00480-004EF              70           1
        STRCODE          00002-00003               2           2
                         00225-01FFF            1DDB
        STRING           00002-00003               2           2
                         00225-01FFF             100

                                  Symbol Table

INT_SetInterruptHandler@InterruptHandler  cstackCOMMON 00072
TMR1_SetInterruptHandler@InterruptHandler cstackCOMMON 00072
TMR1_WriteTimer@timerVal                  cstackCOMMON 00070
_ANSELA                                   (abs)        0018C
_ANSELB                                   (abs)        0018D
_ANSELD                                   (abs)        0018F
_ANSELE                                   (abs)        00190
_APFCON                                   (abs)        0011D
_BMP180                                   bssBANK0     00020
_BORCON                                   (abs)        00116
_EXT_INT_Initialize                       text10       001ED
_FLAG                                     bssCOMMON    0007B
_I2C_CallbackReturnReset                  (abs)        00000
_I2C_CallbackReturnStop                   (abs)        00000
_I2C_DO_ADDRESS_NACK                      (abs)        00000
_I2C_DO_IDLE                              (abs)        00000
_I2C_DO_RCEN                              (abs)        00000
_I2C_DO_RESET                             (abs)        00000
_I2C_DO_RX                                (abs)        00000
_I2C_DO_RX_ACK                            (abs)        00000
_I2C_DO_RX_NACK_RESTART                   (abs)        00000
_I2C_DO_RX_NACK_STOP                      (abs)        00000
_I2C_DO_SEND_ADR_READ                     (abs)        00000
_I2C_DO_SEND_ADR_WRITE                    (abs)        00000
_I2C_DO_SEND_RESTART                      (abs)        00000
_I2C_DO_SEND_RESTART_READ                 (abs)        00000
_I2C_DO_SEND_RESTART_WRITE                (abs)        00000
_I2C_DO_SEND_STOP                         (abs)        00000
_I2C_DO_TX                                (abs)        00000
_I2C_DO_TX_EMPTY                          (abs)        00000
_I2C_Initialize                           text9        001F9
_I2C_Status                               bssBANK0     00042
_INTCONbits                               (abs)        0000B
_INTERRUPT_InterruptManager               intentry     00004
_INT_CallBack                             text18       001D4
_INT_DefaultInterruptHandler              text19       00224
_INT_ISR                                  text17       00214
_INT_InterruptHandler                     bssBANK0     00069
_INT_SetInterruptHandler                  text11       0020E
_LATA                                     (abs)        0010C
_LATB                                     (abs)        0010D
_LATBbits                                 (abs)        0010D
_LATC                                     (abs)        0010E
_LATD                                     (abs)        0010F
_LATE                                     (abs)        00110
_OPTION_REGbits                           (abs)        00095
_OSCCON                                   (abs)        00099
_OSCILLATOR_Initialize                    text8        001E1
_OSCTUNE                                  (abs)        00098
_PIE1bits                                 (abs)        00091
_PIN_MANAGER_Initialize                   text7        00140
_PIR1bits                                 (abs)        00011
_PIR2bits                                 (abs)        00012
_PLLR                                     (abs)        004D6
_PORTBbits                                (abs)        0000D
_SSPADD                                   (abs)        00212
_SSPBUF                                   (abs)        00211
_SSPCON1                                  (abs)        00215
_SSPCON1bits                              (abs)        00215
_SSPCON2                                  (abs)        00216
_SSPCON2bits                              (abs)        00216
_SSPSTAT                                  (abs)        00214
_SSPSTATbits                              (abs)        00214
_SYSTEM_Initialize                        text3        001B0
_T1CON                                    (abs)        00018
_T1CONbits                                (abs)        00018
_T1GCON                                   (abs)        00019
_T1GCONbits                               (abs)        00019
_TMR1H                                    (abs)        00017
_TMR1L                                    (abs)        00016
_TMR1_DefaultInterruptHandler             text16       00223
_TMR1_ISR                                 text14       0019A
_TMR1_Initialize                          text5        00182
_TMR1_InterruptHandler                    bssBANK0     00067
_TMR1_SetInterruptHandler                 text6        00208
_TMR1_StartTimer                          text2        0021D
_TMR1_StopTimer                           text13       00220
_TMR1_WriteTimer                          text15       001C3
_TRISA                                    (abs)        0008C
_TRISB                                    (abs)        0008D
_TRISC                                    (abs)        0008E
_TRISD                                    (abs)        0008F
_TRISE                                    (abs)        00090
_WDTCON                                   (abs)        00097
_WDT_Initialize                           text4        00219
_WPUB                                     (abs)        0020D
_WPUE                                     (abs)        00210
__Habs1                                   abs1         00000
__Hbank0                                  bank0        00000
__Hbank1                                  bank1        00000
__Hbank10                                 bank10       00000
__Hbank11                                 bank11       00000
__Hbank12                                 bank12       00000
__Hbank13                                 bank13       00000
__Hbank14                                 bank14       00000
__Hbank15                                 bank15       00000
__Hbank16                                 bank16       00000
__Hbank17                                 bank17       00000
__Hbank18                                 bank18       00000
__Hbank19                                 bank19       00000
__Hbank2                                  bank2        00000
__Hbank20                                 bank20       00000
__Hbank21                                 bank21       00000
__Hbank22                                 bank22       00000
__Hbank23                                 bank23       00000
__Hbank24                                 bank24       00000
__Hbank25                                 bank25       00000
__Hbank26                                 bank26       00000
__Hbank27                                 bank27       00000
__Hbank28                                 bank28       00000
__Hbank29                                 bank29       00000
__Hbank3                                  bank3        00000
__Hbank30                                 bank30       00000
__Hbank31                                 bank31       00000
__Hbank4                                  bank4        00000
__Hbank5                                  bank5        00000
__Hbank6                                  bank6        00000
__Hbank7                                  bank7        00000
__Hbank8                                  bank8        00000
__Hbank9                                  bank9        00000
__Hbigram                                 bigram       00000
__HbssBANK0                               bssBANK0     00000
__HbssBANK1                               bssBANK1     00000
__HbssBANK2                               bssBANK2     00000
__HbssCOMMON                              bssCOMMON    00000
__Hcinit                                  cinit        00064
__Hclrtext                                clrtext      00000
__Hcode                                   code         00000
__Hcommon                                 common       00000
__Hconfig                                 config       08009
__HcstackBANK1                            cstackBANK1  00000
__HcstackCOMMON                           cstackCOMMON 00000
__Heeprom_data                            eeprom_data  00000
__Hend_init                               end_init     00045
__Hfunctab                                functab      00000
__Hheap                                   heap         00000
__Hidloc                                  idloc        08004
__Hinit                                   init         00043
__Hintentry                               intentry     00043
__Hmaintext                               maintext     00000
__Hpowerup                                powerup      00000
__Hram                                    ram          00000
__Hreset_vec                              reset_vec    00002
__Hsfr0                                   sfr0         00000
__Hsfr1                                   sfr1         00000
__Hsfr10                                  sfr10        00000
__Hsfr11                                  sfr11        00000
__Hsfr12                                  sfr12        00000
__Hsfr13                                  sfr13        00000
__Hsfr14                                  sfr14        00000
__Hsfr15                                  sfr15        00000
__Hsfr16                                  sfr16        00000
__Hsfr17                                  sfr17        00000
__Hsfr18                                  sfr18        00000
__Hsfr19                                  sfr19        00000
__Hsfr2                                   sfr2         00000
__Hsfr20                                  sfr20        00000
__Hsfr21                                  sfr21        00000
__Hsfr22                                  sfr22        00000
__Hsfr23                                  sfr23        00000
__Hsfr24                                  sfr24        00000
__Hsfr25                                  sfr25        00000
__Hsfr26                                  sfr26        00000
__Hsfr27                                  sfr27        00000
__Hsfr28                                  sfr28        00000
__Hsfr29                                  sfr29        00000
__Hsfr3                                   sfr3         00000
__Hsfr30                                  sfr30        00000
__Hsfr31                                  sfr31        00000
__Hsfr4                                   sfr4         00000
__Hsfr5                                   sfr5         00000
__Hsfr6                                   sfr6         00000
__Hsfr7                                   sfr7         00000
__Hsfr8                                   sfr8         00000
__Hsfr9                                   sfr9         00000
__Hspace_0                                (abs)        00225
__Hspace_1                                (abs)        00160
__Hspace_2                                (abs)        00000
__Hspace_3                                (abs)        00000
__Hspace_4                                (abs)        10010
__Hstack                                  stack        00000
__Hstrings                                strings      00000
__Hstringtext1                            stringtext1  00000
__Htext                                   text         00000
__Labs1                                   abs1         00000
__Lbank0                                  bank0        00000
__Lbank1                                  bank1        00000
__Lbank10                                 bank10       00000
__Lbank11                                 bank11       00000
__Lbank12                                 bank12       00000
__Lbank13                                 bank13       00000
__Lbank14                                 bank14       00000
__Lbank15                                 bank15       00000
__Lbank16                                 bank16       00000
__Lbank17                                 bank17       00000
__Lbank18                                 bank18       00000
__Lbank19                                 bank19       00000
__Lbank2                                  bank2        00000
__Lbank20                                 bank20       00000
__Lbank21                                 bank21       00000
__Lbank22                                 bank22       00000
__Lbank23                                 bank23       00000
__Lbank24                                 bank24       00000
__Lbank25                                 bank25       00000
__Lbank26                                 bank26       00000
__Lbank27                                 bank27       00000
__Lbank28                                 bank28       00000
__Lbank29                                 bank29       00000
__Lbank3                                  bank3        00000
__Lbank30                                 bank30       00000
__Lbank31                                 bank31       00000
__Lbank4                                  bank4        00000
__Lbank5                                  bank5        00000
__Lbank6                                  bank6        00000
__Lbank7                                  bank7        00000
__Lbank8                                  bank8        00000
__Lbank9                                  bank9        00000
__Lbigram                                 bigram       00000
__LbssBANK0                               bssBANK0     00000
__LbssBANK1                               bssBANK1     00000
__LbssBANK2                               bssBANK2     00000
__LbssCOMMON                              bssCOMMON    00000
__Lcinit                                  cinit        00045
__Lclrtext                                clrtext      00000
__Lcode                                   code         00000
__Lcommon                                 common       00000
__Lconfig                                 config       00000
__LcstackBANK1                            cstackBANK1  00000
__LcstackCOMMON                           cstackCOMMON 00000
__Leeprom_data                            eeprom_data  00000
__Lend_init                               end_init     00043
__Lfunctab                                functab      00000
__Lheap                                   heap         00000
__Lidloc                                  idloc        00000
__Linit                                   init         00043
__Lintentry                               intentry     00004
__Lmaintext                               maintext     00000
__Lpowerup                                powerup      00000
__Lram                                    ram          00000
__Lreset_vec                              reset_vec    00000
__Lsfr0                                   sfr0         00000
__Lsfr1                                   sfr1         00000
__Lsfr10                                  sfr10        00000
__Lsfr11                                  sfr11        00000
__Lsfr12                                  sfr12        00000
__Lsfr13                                  sfr13        00000
__Lsfr14                                  sfr14        00000
__Lsfr15                                  sfr15        00000
__Lsfr16                                  sfr16        00000
__Lsfr17                                  sfr17        00000
__Lsfr18                                  sfr18        00000
__Lsfr19                                  sfr19        00000
__Lsfr2                                   sfr2         00000
__Lsfr20                                  sfr20        00000
__Lsfr21                                  sfr21        00000
__Lsfr22                                  sfr22        00000
__Lsfr23                                  sfr23        00000
__Lsfr24                                  sfr24        00000
__Lsfr25                                  sfr25        00000
__Lsfr26                                  sfr26        00000
__Lsfr27                                  sfr27        00000
__Lsfr28                                  sfr28        00000
__Lsfr29                                  sfr29        00000
__Lsfr3                                   sfr3         00000
__Lsfr30                                  sfr30        00000
__Lsfr31                                  sfr31        00000
__Lsfr4                                   sfr4         00000
__Lsfr5                                   sfr5         00000
__Lsfr6                                   sfr6         00000
__Lsfr7                                   sfr7         00000
__Lsfr8                                   sfr8         00000
__Lsfr9                                   sfr9         00000
__Lspace_0                                (abs)        00000
__Lspace_1                                (abs)        00000
__Lspace_2                                (abs)        00000
__Lspace_3                                (abs)        00000
__Lspace_4                                (abs)        00000
__Lstack                                  stack        00000
__Lstrings                                strings      00000
__Lstringtext1                            stringtext1  00000
__Ltext                                   text         00000
__S0                                      (abs)        00225
__S1                                      (abs)        00160
__S3                                      (abs)        00000
___heap_hi                                (abs)        00000
___heap_lo                                (abs)        00000
___int_sp                                 stack        00000
___latbits                                (abs)        00002
___sp                                     stack        00000
___stackhi                                (abs)        00000
___stacklo                                (abs)        00000
__end_of_EXT_INT_Initialize               text10       001F9
__end_of_I2C_Initialize                   text9        00202
__end_of_INTERRUPT_InterruptManager       intentry     00043
__end_of_INT_CallBack                     text18       001E1
__end_of_INT_DefaultInterruptHandler      text19       00225
__end_of_INT_ISR                          text17       00219
__end_of_INT_SetInterruptHandler          text11       00214
__end_of_OSCILLATOR_Initialize            text8        001ED
__end_of_PIN_MANAGER_Initialize           text7        00162
__end_of_SYSTEM_Initialize                text3        001C3
__end_of_TMR1_DefaultInterruptHandler     text16       00224
__end_of_TMR1_ISR                         text14       001B0
__end_of_TMR1_Initialize                  text5        0019A
__end_of_TMR1_SetInterruptHandler         text6        0020E
__end_of_TMR1_StartTimer                  text2        00220
__end_of_TMR1_StopTimer                   text13       00223
__end_of_TMR1_WriteTimer                  text15       001D4
__end_of_WDT_Initialize                   text4        0021D
__end_of__initialization                  cinit        00060
__end_of_i2c_fsmStateTable                stringtext1  00182
__end_of_main                             maintext     00140
__end_of_set_led_color                    text1        000EA
__initialization                          cinit        00045
__pbssBANK0                               bssBANK0     00020
__pbssBANK1                               bssBANK1     000A0
__pbssBANK2                               bssBANK2     00120
__pbssCOMMON                              bssCOMMON    00079
__pcstackBANK1                            cstackBANK1  000D8
__pcstackCOMMON                           cstackCOMMON 00070
__pintentry                               intentry     00004
__pmaintext                               maintext     000EA
__pstringtext1                            stringtext1  00162
__ptext1                                  text1        00064
__ptext10                                 text10       001ED
__ptext11                                 text11       0020E
__ptext13                                 text13       00220
__ptext14                                 text14       0019A
__ptext15                                 text15       001C3
__ptext16                                 text16       00223
__ptext17                                 text17       00214
__ptext18                                 text18       001D4
__ptext19                                 text19       00224
__ptext2                                  text2        0021D
__ptext3                                  text3        001B0
__ptext4                                  text4        00219
__ptext5                                  text5        00182
__ptext6                                  text6        00208
__ptext7                                  text7        00140
__ptext8                                  text8        001E1
__ptext9                                  text9        001F9
_i2c_fsmStateTable                        stringtext1  00162
_main                                     maintext     000EA
_rd1RegCompleteHandler                    (abs)        00000
_rd2RegCompleteHandler                    (abs)        00000
_rdBlkRegCompleteHandler                  (abs)        00000
_set_led_color                            text1        00064
_time_out_timer                           bssBANK0     00065
_timer1ReloadVal                          bssCOMMON    00079
_wr1RegCompleteHandler                    (abs)        00000
_wr2RegCompleteHandler                    (abs)        00000
btemp                                     (abs)        0007E
clear_ram0                                clrtext      00202
end_of_initialization                     cinit        00060
int$flags                                 (abs)        0007E
intlevel0                                 functab      00000
intlevel1                                 functab      00000
intlevel2                                 functab      00000
intlevel3                                 functab      00000
intlevel4                                 functab      00000
intlevel5                                 functab      00000
reset_vec                                 reset_vec    00000
set_led_color@blue                        cstackCOMMON 00074
set_led_color@green                       cstackCOMMON 00073
set_led_color@i                           cstackBANK1  000DA
set_led_color@i_1261                      cstackBANK1  000DB
set_led_color@i_1262                      cstackBANK1  000DC
set_led_color@number_led                  cstackBANK1  000D8
set_led_color@number_led_choose           cstackBANK1  000D9
set_led_color@red                         cstackCOMMON 00072
start                                     init         00043
start_initialization                      cinit        00045
wtemp0                                    (abs)        0007E


MODULE INFORMATION

Module		Function		Class		Link	Load	Size
mcc_generated_files/pin_manager.c
		_PIN_MANAGER_Initialize		CODE           	0140	0000	34

mcc_generated_files/pin_manager.c estimated size: 34

mcc_generated_files/ext_int.c
		_INT_DefaultInterruptHandler		CODE           	0224	0000	1
		_EXT_INT_Initialize		CODE           	01ED	0000	12
		_INT_SetInterruptHandler		CODE           	020E	0000	6
		_INT_CallBack  		CODE           	01D4	0000	13
		_INT_ISR       		CODE           	0214	0000	5

mcc_generated_files/ext_int.c estimated size: 37

shared
		__initialization		CODE           	0045	0000	27
		_i2c_fsmStateTable		STRCODE        	0162	0000	32

shared estimated size: 59

mcc_generated_files/mcc.c
		_WDT_Initialize		CODE           	0219	0000	4
		_OSCILLATOR_Initialize		CODE           	01E1	0000	12
		_SYSTEM_Initialize		CODE           	01B0	0000	19

mcc_generated_files/mcc.c estimated size: 35

mcc_generated_files/tmr1.c
		_TMR1_Initialize		CODE           	0182	0000	24
		_TMR1_SetInterruptHandler		CODE           	0208	0000	6
		_TMR1_StopTimer		CODE           	0220	0000	3
		_TMR1_DefaultInterruptHandler		CODE           	0223	0000	1
		_TMR1_WriteTimer		CODE           	01C3	0000	17
		_TMR1_StartTimer		CODE           	021D	0000	3
		_TMR1_ISR      		CODE           	019A	0000	22

mcc_generated_files/tmr1.c estimated size: 76

mcc_generated_files/i2c_master.c
		_I2C_Initialize		CODE           	01F9	0000	9

mcc_generated_files/i2c_master.c estimated size: 9

main.c
		_main          		CODE           	00EA	0000	86
		_INTERRUPT_InterruptManager		CODE           	0004	0000	63

main.c estimated size: 149

RGB_5050.c
		_set_led_color 		CODE           	0064	0000	134

RGB_5050.c estimated size: 134

